[w1] [ok] RUS 2018-Q2
[w1] [ok] RUS 2019-Q2
[w1] [ok] RUS 2020-Q2
[w1] [ok] RUS 2021-Q2 (3 tentativi)
[w1] [ok] RUS 2022-Q2
[w1] [ok] RUS 2023-Q2
[w1] [ok] RUS 2024-Q2
[w1] [ok] CHN 2018-Q2
[w1] [ok] CHN 2019-Q2
[w1] [ok] CHN 2020-Q2
[w1] [ok] CHN 2021-Q2 (3 tentativi)
[w1] [ok] CHN 2022-Q2
[w1] [ok] CHN 2023-Q2 (2 tentativi)
[w1] [ok] CHN 2024-Q2
[w1] [ok] PRK 2018-Q2
[w1] [ok] PRK 2019-Q2
[w1] [ok] PRK 2020-Q2
[w1] [ok] PRK 2021-Q2
[w1] [ok] PRK 2022-Q2
[w1] [ok] PRK 2023-Q2
[w1] [ok] PRK 2024-Q2
[w1] [ok] IRN 2018-Q2
[w1] [ok] IRN 2019-Q2
[w1] [ok] IRN 2020-Q2
[w1] [ok] IRN 2021-Q2
[w1] [ok] IRN 2022-Q2
[w1] [ok] IRN 2023-Q2
[w1] [ok] IRN 2024-Q2
[w1] [ok] UKR 2018-Q2
[w1] [ok] UKR 2019-Q2
[w1] [ok] UKR 2020-Q2
[w1] [ok] UKR 2021-Q2
[w1] [ok] UKR 2022-Q2
[w1] [ok] UKR 2023-Q2
[w1] [ok] UKR 2024-Q2
[w1] [ok] SDN 2018-Q2
[w1] [ok] SDN 2019-Q2
[w1] [ok] SDN 2020-Q2
[w1] [ok] SDN 2021-Q2
[w1] [ok] SDN 2022-Q2
[w1] [ok] SDN 2023-Q2
[w1] [ok] SDN 2024-Q2
[w1] [ok] SSD 2018-Q2
[w1] [ok] SSD 2019-Q2
[w1] [ok] SSD 2020-Q2
[w1] [ok] SSD 2021-Q2
[w1] [ok] SSD 2022-Q2
[w1] [ok] SSD 2023-Q2
[w1] [ok] SSD 2024-Q2
[w1] [ok] YEM 2018-Q2
[w1] [ok] YEM 2019-Q2
[w1] [ok] YEM 2020-Q2
[w1] [ok] YEM 2021-Q2
[w1] [ok] YEM 2022-Q2
[w1] [ok] YEM 2023-Q2
[w1] [ok] YEM 2024-Q2
[w1] [ok] SYR 2018-Q2
[w1] [ok] SYR 2019-Q2
[w1] [ok] SYR 2020-Q2
[w1] [ok] SYR 2021-Q2
[w1] [ok] SYR 2022-Q2
[w1] [ok] SYR 2023-Q2
[w1] [ok] SYR 2024-Q2
[w1] [ok] ETH 2018-Q2
[w1] [ok] ETH 2019-Q2
[w1] [ok] ETH 2020-Q2
[w1] [ok] ETH 2021-Q2
[w1] [ok] ETH 2022-Q2
[w1] [ok] ETH 2023-Q2
[w1] [ok] ETH 2024-Q2
[w1] [ok] VEN 2018-Q2
[w1] [ok] VEN 2019-Q2
[w1] [ok] VEN 2020-Q2
[w1] [ok] VEN 2021-Q2
[w1] [ok] VEN 2022-Q2
[w1] [ok] VEN 2023-Q2
[w1] [ok] VEN 2024-Q2
[w1] [ok] USA 2018-Q2
[w1] [ok] USA 2019-Q2
[w1] [ok] USA 2020-Q2
[w1] [ok] USA 2021-Q2
[w1] [ok] USA 2022-Q2
[w1] [ok] USA 2023-Q2
[w1] [ok] USA 2024-Q2
[w1] [ok] ISR 2018-Q2
[w1] [ok] ISR 2019-Q2
[w1] [ok] ISR 2020-Q2
[w1] [ok] ISR 2021-Q2
[w1] [ok] ISR 2022-Q2
[w1] [ok] ISR 2023-Q2
[w1] [ok] ISR 2024-Q2 (2 tentativi)
[w1] [ok] KOR 2018-Q2
[w1] [ok] KOR 2019-Q2
[w1] [ok] KOR 2020-Q2
[w1] [ok] KOR 2021-Q2
[w1] [ok] KOR 2022-Q2
[w1] [ok] KOR 2023-Q2
[w1] [ok] KOR 2024-Q2
[w1] [ok] SAU 2018-Q2
[w1] [ok] SAU 2019-Q2
[w1] [ok] SAU 2020-Q2
[w1] [ok] SAU 2021-Q2
[w1] [ok] SAU 2022-Q2
[w1] [ok] SAU 2023-Q2
[w1] [ok] SAU 2024-Q2
[w1] [ok] ITA 2018-Q2
[w1] [ok] ITA 2019-Q2
[w1] [ok] ITA 2020-Q2
[w1] [ok] ITA 2021-Q2
[w1] [ok] ITA 2022-Q2
[w1] [ok] ITA 2023-Q2
[w1] [ok] ITA 2024-Q2
[w1] [ok] EST 2018-Q2
[w1] [ok] EST 2019-Q2
[w1] [ok] EST 2020-Q2
[w1] [ok] EST 2021-Q2
[w1] [ok] EST 2022-Q2
[w1] [ok] EST 2023-Q2
[w1] [ok] EST 2024-Q2
[w1] Totale: 119 estratti, 0 gia' presenti, 0 falliti su 119
